     1                                 %line 1+1 add2.asm
     2                                 
     3                                 
     4                                 
     5                                 
     6                                 
     7                                 
     8                                 [segment .data]
     9 00000000 AF00000000000000        a dq 0xAF
    10 00000008 0110000000000000        b dq 4097
    11 00000010 51FFFFFFFFFFFFFF        c dq -175
    12 00000018 FFEFFFFFFFFFFFFF        d dq -4097
    13                                 
    14                                 [segment .text]
    15                                 [global main]
    16                                 main:
    17 00000000 488B0425[00000000]      mov rax, [a]
    18 00000008 488B1C25[00000000]      mov rbx, [b]
    19 00000010 488B0C25[00000000]      mov rcx, [c]
    20 00000018 488B1425[00000000]      mov rdx, [d]
    21 00000020 4801D8                  add rax, rbx
    22 00000023 4801C8                  add rax, rcx
    23 00000026 4801D0                  add rax, rdx
    24 00000029 4831C0                  xor rax, rax
    25 0000002C C3                      ret
