     1                                 %line 1+1 memory.asm
     2                                 
     3                                 
     4                                 
     5                                 
     6                                 
     7                                 
     8                                 
     9                                 
    10                                 [segment .data]
    11 00000000 04000000                a dd 4
    12 00000004 04000000                b dd 4
    13 00000008 00000000<rept>          c times 10 dd 0
    14 00000030 01000200                d dw 1, 2
    15 00000034 FB                      e db 0xfb
    16 00000035 68656C6C6F20776F72-     f db "hello world", 0
    17 00000035 6C6400             
    18                                 
    19                                 [segment .bss]
    20 00000000 <gap>                   g resd 1
    21 00000004 <gap>                   h resd 10
    22 0000002C <gap>                   i resb 100
    23                                 
    24                                 [segment .text]
    25                                 [global main]
    26                                  main:
    27 00000000 55                      push rbp
    28 00000001 4889E5                  mov rbp, rsp
    29 00000004 4883EC10                sub rsp, 16
    30                                 
    31 00000008 31C0                    xor eax, eax
    32 0000000A C9                      leave
    33 0000000B C3                      ret
