     1                                 %line 1+1 sub1.asm
     2                                 
     3                                 
     4                                 
     5                                 
     6                                 
     7                                 
     8                                 
     9                                 
    10                                 [segment .data]
    11 00000000 6400000000000000        a dq 100
    12 00000008 C800000000000000        b dq 200
    13 00000010 0000000000000000        diff dq 0
    14                                 
    15                                 [segment .text]
    16                                 [global main]
    17                                  main:
    18 00000000 55                      push rbp
    19 00000001 4889E5                  mov rbp, rsp
    20 00000004 4883EC10                sub rsp, 16
    21 00000008 48C7C00A000000          mov rax, 10
    22 0000000F 48290425[00000000]      sub [a], rax
    23 00000017 48290425[00000000]      sub [b], rax
    24 0000001F 488B0425[00000000]      mov rax, [b]
    25 00000027 482B0425[00000000]      sub rax, [a]
    26 0000002F 48890425[00000000]      mov [diff], rax
    27 00000037 48C7C000000000          mov rax, 0
    28 0000003E C9                      leave
    29 0000003F C3                      ret
